// Jest Snapshot v1, https://goo.gl/fbAQLP

exports[`Login should render correctly 1`] = `
<DocumentFragment>
  <div>
    <h1>
      Please login to access the application
    </h1>
  </div>
</DocumentFragment>
`;
